// Jest Snapshot v1, https://goo.gl/fbAQLP

exports[`Modal component matches snapshot 1`] = `
Object {
  "asFragment": [Function],
}
`;
